2025-12-26 14:25:17,859 [INFO] pikepdf._core - pikepdf C++ to Python logger bridge initialized
/mnt/d/Desktop/banana-slides/.venv/lib/python3.13/site-packages/pydub/utils.py:170: RuntimeWarning: Couldn't find ffmpeg or avconv - defaulting to ffmpeg, but may not work
  warn("Couldn't find ffmpeg or avconv - defaulting to ffmpeg, but may not work", RuntimeWarning)
2025-12-26 14:25:26,882 [INFO] services.image_editability_service - Upload folder resolved to: /mnt/d/Desktop/banana-slides/uploads
2025-12-26 14:25:26,883 [INFO] services.ai_providers.image.volcengine_inpainting_provider - 火山引擎 Inpainting Provider 初始化（直接HTTP模式）
2025-12-26 14:25:26,906 [INFO] services.ai_providers.ocr.baidu_table_ocr_provider - ✅ 初始化百度表格OCR Provider (使用BCEv3 API Key)
2025-12-26 14:25:26,906 [INFO] services.image_editability_service - ✅ 百度表格OCR已启用
2025-12-26 14:25:26,906 [INFO] services.image_editability_service - ImageEditabilityService initialized with max_depth=1, min_size=300, min_area=90000
2025-12-26 14:25:26,906 [INFO] services.image_editability_service - [Depth 0] 开始处理图片 /mnt/d/Desktop/5537a63e-b8a0-4073-a38f-2f6fbc16bf63_1766680105235.png (ID: 42f6f3c3)
2025-12-26 14:25:26,908 [INFO] services.image_editability_service - 图片尺寸: 2752x1536
2025-12-26 14:25:28,011 [INFO] services.image_editability_service - Step 1: 转换为PDF并上传MinerU...
2025-12-26 14:25:28,011 [INFO] services.export_service - Using img2pdf for PDF export (1 pages, low memory mode)
2025-12-26 14:25:28,248 [INFO] services.file_parser_service - File image_42f6f3c3.pdf requires MinerU parsing...
2025-12-26 14:25:28,248 [INFO] services.file_parser_service - Step 1/4: Requesting upload URL for image_42f6f3c3.pdf...
2025-12-26 14:25:28,541 [INFO] services.file_parser_service - Got upload URL. Batch ID: 2831773b-b1d4-4810-a41c-b906018c1bfc
2025-12-26 14:25:28,541 [INFO] services.file_parser_service - Step 2/4: Uploading file image_42f6f3c3.pdf...
2025-12-26 14:25:30,556 [INFO] services.file_parser_service - File uploaded successfully.
2025-12-26 14:25:30,556 [INFO] services.file_parser_service - Step 3/4: Waiting for parsing to complete...
2025-12-26 14:25:49,390 [INFO] services.file_parser_service - File parsing completed!
2025-12-26 14:25:50,662 [INFO] services.file_parser_service - Extracting ZIP to: /mnt/d/Desktop/banana-slides/uploads/mineru_files/0d46b32b
2025-12-26 14:25:50,765 [INFO] services.file_parser_service - Extracted 9 files from ZIP
2025-12-26 14:25:50,768 [INFO] services.file_parser_service - Found markdown file: full.md
2025-12-26 14:25:50,771 [INFO] services.file_parser_service - File parsed successfully.
2025-12-26 14:25:50,773 [INFO] services.file_parser_service - Skipping image caption enhancement (no Gemini client).
2025-12-26 14:25:50,773 [INFO] services.image_editability_service - MinerU解析成功, extract_id: 0d46b32b
2025-12-26 14:25:50,776 [INFO] services.image_editability_service - 检查MinerU结果目录: /mnt/d/Desktop/banana-slides/uploads/mineru_files/0d46b32b
2025-12-26 14:25:50,780 [INFO] services.image_editability_service - Step 2: 提取元素...
2025-12-26 14:25:50,792 [INFO] services.image_editability_service - 提取了 11 个完整元素（包含content和img_path）
2025-12-26 14:25:50,792 [INFO] services.image_editability_service - 提取到 11 个元素
2025-12-26 14:25:50,792 [INFO] services.image_editability_service - Step 3: 生成clean background...
2025-12-26 14:25:50,792 [INFO] services.image_editability_service - 生成clean background，共 11 个bbox（已过滤有子元素的父元素）
2025-12-26 14:25:50,793 [INFO] services.image_editability_service - 图像尺寸: 2752x1536
2025-12-26 14:25:50,795 [INFO] services.inpainting_service - 开始处理图像消除，原始 bbox 数量: 11
2025-12-26 14:25:50,799 [INFO] utils.mask_utils - 创建掩码图像，尺寸: (2752, 1536), bbox数量: 11
2025-12-26 14:25:50,800 [INFO] utils.mask_utils - 添加了 11 个bbox的mask:
2025-12-26 14:25:50,800 [INFO] utils.mask_utils -   [1] 原始: (145.24444444444444, 140.32592592592593, 1311.0222222222224, 242.72592592592594) -> 扩展后: (135.24444444444444, 130.32592592592593, 1321.0222222222224, 252.72592592592594) 尺寸: 1185.7777777777778x122.4
2025-12-26 14:25:50,800 [INFO] utils.mask_utils -   [2] 原始: (194.93333333333334, 383.0518518518519, 401.33333333333337, 587.8518518518518) -> 扩展后: (184.93333333333334, 373.0518518518519, 411.33333333333337, 597.8518518518518) 尺寸: 226.40000000000003x224.79999999999995
2025-12-26 14:25:50,800 [INFO] utils.mask_utils -   [3] 原始: (435.73333333333335, 409.6, 672.7111111111111, 477.8666666666667) -> 扩展后: (425.73333333333335, 399.6, 682.7111111111111, 487.8666666666667) 尺寸: 256.97777777777776x88.26666666666665
2025-12-26 14:25:50,800 [INFO] utils.mask_utils -   [4] 原始: (435.73333333333335, 500.62222222222226, 1246.0444444444445, 553.7185185185185) -> 扩展后: (425.73333333333335, 490.62222222222226, 1256.0444444444445, 563.7185185185185) 尺寸: 830.3111111111111x73.09629629629626
2025-12-26 14:25:50,800 [INFO] utils.mask_utils -   [5] 原始: (194.93333333333334, 743.3481481481482, 401.33333333333337, 948.1481481481482) -> 扩展后: (184.93333333333334, 733.3481481481482, 411.33333333333337, 958.1481481481482) 尺寸: 226.40000000000003x224.79999999999995
2025-12-26 14:25:50,800 [INFO] utils.mask_utils -   [6] 原始: (435.73333333333335, 769.8962962962963, 783.5555555555555, 838.162962962963) -> 扩展后: (425.73333333333335, 759.8962962962963, 793.5555555555555, 848.162962962963) 尺寸: 367.8222222222222x88.26666666666665
2025-12-26 14:25:50,800 [INFO] utils.mask_utils -   [7] 原始: (435.73333333333335, 860.9185185185186, 1211.6444444444446, 910.2222222222223) -> 扩展后: (425.73333333333335, 850.9185185185186, 1221.6444444444446, 920.2222222222223) 尺寸: 795.9111111111113x69.30370370370372
2025-12-26 14:25:50,800 [INFO] utils.mask_utils -   [8] 原始: (194.93333333333334, 1103.6444444444444, 401.33333333333337, 1304.651851851852) -> 扩展后: (184.93333333333334, 1093.6444444444444, 411.33333333333337, 1314.651851851852) 尺寸: 226.40000000000003x221.00740740740753
2025-12-26 14:25:50,800 [INFO] utils.mask_utils -   [9] 原始: (435.73333333333335, 1130.1925925925927, 672.7111111111111, 1198.4592592592594) -> 扩展后: (425.73333333333335, 1120.1925925925927, 682.7111111111111, 1208.4592592592594) 尺寸: 256.97777777777776x88.26666666666665
2025-12-26 14:25:50,800 [INFO] utils.mask_utils -   [10] 原始: (431.91111111111115, 1217.4222222222222, 1311.0222222222224, 1274.3111111111111) -> 扩展后: (421.91111111111115, 1207.4222222222222, 1321.0222222222224, 1284.3111111111111) 尺寸: 899.1111111111112x76.88888888888891
2025-12-26 14:25:50,800 [INFO] utils.mask_utils -   [11] 原始: (1444.8000000000002, 553.7185185185185, 2587.6444444444446, 1228.8) -> 扩展后: (1434.8000000000002, 543.7185185185185, 2597.6444444444446, 1238.8) 尺寸: 1162.8444444444444x695.0814814814814
2025-12-26 14:25:50,800 [INFO] utils.mask_utils - 掩码图像创建完成
2025-12-26 14:25:50,800 [INFO] services.inpainting_service - 掩码图像已生成，尺寸: (2752, 1536)
2025-12-26 14:25:50,876 [INFO] services.inpainting_service - 📷 Mask图像已保存: /mnt/d/Desktop/banana-slides/uploads/editable_images/42f6f3c3/mask.png
2025-12-26 14:25:50,876 [INFO] services.ai_providers.image.volcengine_inpainting_provider - 🚀 开始调用火山引擎 inpainting（直接HTTP）
2025-12-26 14:25:51,407 [INFO] services.ai_providers.image.volcengine_inpainting_provider - ✂️ 压缩图片: (2048, 1143)
2025-12-26 14:25:51,407 [INFO] services.ai_providers.image.volcengine_inpainting_provider - 📦 编码图片为base64...
2025-12-26 14:25:51,444 [INFO] services.ai_providers.image.volcengine_inpainting_provider - ✅ 编码完成: 原图=342952 bytes, mask=6232 bytes
2025-12-26 14:25:51,444 [INFO] services.ai_providers.image.volcengine_inpainting_provider - 🌐 发送请求到: https://visual.volcengineapi.com/?Action=CVProcess&Version=2022-08-31
2025-12-26 14:25:51,865 [INFO] services.ai_providers.image.volcengine_inpainting_provider - 使用SDK发送请求（带正确签名）
2025-12-26 14:25:55,980 [INFO] services.ai_providers.image.volcengine_inpainting_provider - ✅ Inpainting成功！结果: (2048, 1143), RGB
2025-12-26 14:25:56,022 [INFO] services.ai_providers.image.volcengine_inpainting_provider - ✅ 图像合成完成！最终尺寸: (2048, 1143), RGB
2025-12-26 14:25:56,022 [INFO] services.inpainting_service - 图像消除成功，结果尺寸: (2048, 1143)
2025-12-26 14:25:56,862 [INFO] services.image_editability_service - Clean background生成成功: /mnt/d/Desktop/banana-slides/uploads/editable_images/42f6f3c3/clean_background.png
2025-12-26 14:25:56,863 [INFO] services.image_editability_service - Step 4: 递归处理子图...
2025-12-26 14:25:56,865 [INFO] services.image_editability_service -   → 递归分析子图 42f6f3c3_10 (类型: image)
2025-12-26 14:25:56,865 [INFO] services.image_editability_service -   [Depth 1] 开始处理图片 /mnt/d/Desktop/banana-slides/uploads/mineru_files/0d46b32b/images/a35d71c1d66ab38cba537b2cde6fc518ed7641d101ab379112ba5c1a8d334646.jpg (ID: c613adc6)
2025-12-26 14:25:56,868 [INFO] services.image_editability_service -   图片尺寸: 830x495
2025-12-26 14:25:57,449 [INFO] services.image_editability_service -   Step 1: 转换为PDF并上传MinerU...
2025-12-26 14:25:57,449 [INFO] services.export_service - Using img2pdf for PDF export (1 pages, low memory mode)
2025-12-26 14:25:57,453 [INFO] services.file_parser_service - File image_c613adc6.pdf requires MinerU parsing...
2025-12-26 14:25:57,454 [INFO] services.file_parser_service - Step 1/4: Requesting upload URL for image_c613adc6.pdf...
2025-12-26 14:25:57,734 [INFO] services.file_parser_service - Got upload URL. Batch ID: f5663a4c-5f7e-4101-91b8-706b8ec32949
2025-12-26 14:25:57,735 [INFO] services.file_parser_service - Step 2/4: Uploading file image_c613adc6.pdf...
2025-12-26 14:25:58,015 [INFO] services.file_parser_service - File uploaded successfully.
2025-12-26 14:25:58,015 [INFO] services.file_parser_service - Step 3/4: Waiting for parsing to complete...
2025-12-26 14:26:11,255 [INFO] services.file_parser_service - File parsing completed!
2025-12-26 14:26:11,621 [INFO] services.file_parser_service - Extracting ZIP to: /mnt/d/Desktop/banana-slides/uploads/mineru_files/e762b2e3
2025-12-26 14:26:11,653 [INFO] services.file_parser_service - Extracted 6 files from ZIP
2025-12-26 14:26:11,659 [INFO] services.file_parser_service - Found markdown file: full.md
2025-12-26 14:26:11,664 [INFO] services.file_parser_service - File parsed successfully.
2025-12-26 14:26:11,665 [INFO] services.file_parser_service - Skipping image caption enhancement (no Gemini client).
2025-12-26 14:26:11,665 [INFO] services.image_editability_service -   MinerU解析成功, extract_id: e762b2e3
2025-12-26 14:26:11,668 [INFO] services.image_editability_service -   检查MinerU结果目录: /mnt/d/Desktop/banana-slides/uploads/mineru_files/e762b2e3
2025-12-26 14:26:11,669 [INFO] services.image_editability_service -   Step 2: 提取元素...
2025-12-26 14:26:11,677 [INFO] services.image_editability_service - 提取了 1 个完整元素（包含content和img_path）
2025-12-26 14:26:11,677 [INFO] services.image_editability_service -   提取到 1 个元素
2025-12-26 14:26:11,677 [INFO] services.image_editability_service -   Step 3: 生成clean background...
2025-12-26 14:26:11,677 [INFO] services.image_editability_service - 生成clean background，共 1 个bbox（已过滤有子元素的父元素）
2025-12-26 14:26:11,678 [INFO] services.image_editability_service - 图像尺寸: 830x495
2025-12-26 14:26:11,680 [INFO] services.inpainting_service - 开始处理图像消除，原始 bbox 数量: 1
2025-12-26 14:26:11,681 [INFO] utils.mask_utils - 创建掩码图像，尺寸: (830, 495), bbox数量: 1
2025-12-26 14:26:11,681 [INFO] utils.mask_utils - 添加了 1 个bbox的mask:
2025-12-26 14:26:11,681 [INFO] utils.mask_utils -   [1] 原始: (29.97222222222222, 7.333333333333334, 805.7916666666666, 470.5555555555556) -> 扩展后: (19.97222222222222, 0, 815.7916666666666, 480.5555555555556) 尺寸: 795.8194444444445x480.5555555555556
2025-12-26 14:26:11,681 [INFO] utils.mask_utils - 掩码图像创建完成
2025-12-26 14:26:11,681 [INFO] services.inpainting_service - 掩码图像已生成，尺寸: (830, 495)
2025-12-26 14:26:11,693 [INFO] services.inpainting_service - 📷 Mask图像已保存: /mnt/d/Desktop/banana-slides/uploads/editable_images/c613adc6/mask.png
2025-12-26 14:26:11,694 [INFO] services.ai_providers.image.volcengine_inpainting_provider - 🚀 开始调用火山引擎 inpainting（直接HTTP）
2025-12-26 14:26:11,694 [INFO] services.ai_providers.image.volcengine_inpainting_provider - 📦 编码图片为base64...
2025-12-26 14:26:11,704 [INFO] services.ai_providers.image.volcengine_inpainting_provider - ✅ 编码完成: 原图=90580 bytes, mask=1376 bytes
2025-12-26 14:26:11,704 [INFO] services.ai_providers.image.volcengine_inpainting_provider - 🌐 发送请求到: https://visual.volcengineapi.com/?Action=CVProcess&Version=2022-08-31
2025-12-26 14:26:11,705 [INFO] services.ai_providers.image.volcengine_inpainting_provider - 使用SDK发送请求（带正确签名）
2025-12-26 14:26:15,945 [INFO] services.ai_providers.image.volcengine_inpainting_provider - ✅ Inpainting成功！结果: (830, 495), RGB
2025-12-26 14:26:15,951 [INFO] services.ai_providers.image.volcengine_inpainting_provider - ✅ 图像合成完成！最终尺寸: (830, 495), RGB
2025-12-26 14:26:15,951 [INFO] services.inpainting_service - 图像消除成功，结果尺寸: (830, 495)
2025-12-26 14:26:15,989 [INFO] services.image_editability_service -   Clean background生成成功: /mnt/d/Desktop/banana-slides/uploads/editable_images/c613adc6/clean_background.png
2025-12-26 14:26:15,989 [INFO] services.image_editability_service -   已达最大递归深度 1，不再递归
2025-12-26 14:26:15,989 [INFO] services.image_editability_service -   [Depth 1] 图片处理完成 (ID: c613adc6)
2025-12-26 14:26:15,990 [INFO] services.image_editability_service -   ✓ 子图分析完成，提取了 1 个子元素
2025-12-26 14:26:15,990 [INFO] services.image_editability_service - [Depth 0] 图片处理完成 (ID: 42f6f3c3)
2025-12-26 14:26:15,990 [INFO] services.export_service - 使用已提供的 1 个分析结果创建PPTX
2025-12-26 14:26:15,990 [INFO] services.export_service - Step 2: 创建PPTX...
2025-12-26 14:26:16,003 [INFO] services.export_service -   构建第 1/1 页...
2025-12-26 14:26:16,006 [INFO] services.export_service -     添加clean background: /mnt/d/Desktop/banana-slides/uploads/editable_images/42f6f3c3/clean_background.png
2025-12-26 14:26:16,019 [INFO] services.export_service -     MinerU目录: /mnt/d/Desktop/banana-slides/uploads/mineru_files/0d46b32b
2025-12-26 14:26:16,019 [INFO] services.export_service -     元素数量: 11
2025-12-26 14:26:16,021 [INFO] services.export_service -     ✓ MinerU目录存在
2025-12-26 14:26:16,021 [INFO] services.export_service -   添加元素: type=title, bbox=[145, 140, 1311, 242], content=DeepSeek-V3.2 核心技术概述, image_path=None, 使用局部坐标
2025-12-26 14:26:16,023 [INFO] services.export_service -   添加元素: type=image, bbox=[194, 383, 401, 587], content=None, image_path=images/48731109249c3df12d802db0241779b43270d7d548166fb17214019385d513ae.jpg, 使用局部坐标
2025-12-26 14:26:16,035 [INFO] services.export_service -   添加元素: type=title, bbox=[435, 409, 672, 477], content=平衡之道, image_path=None, 使用局部坐标
2025-12-26 14:26:16,036 [INFO] services.export_service -   添加元素: type=text, bbox=[435, 500, 1246, 553], content=兼顾极高计算效率与卓越的推理及智能体性能, image_path=None, 使用局部坐标
2025-12-26 14:26:16,037 [INFO] services.export_service -   添加元素: type=image, bbox=[194, 743, 401, 948], content=None, image_path=images/dbf2e722bb0ff18179aab8bb8042826df7c4de89e8250f58f18cf5d4b8ea9da8.jpg, 使用局部坐标
2025-12-26 14:26:16,058 [INFO] services.export_service -   添加元素: type=title, bbox=[435, 769, 783, 838], content=三大技术突破, image_path=None, 使用局部坐标
2025-12-26 14:26:16,060 [INFO] services.export_service -   添加元素: type=text, bbox=[435, 860, 1211, 910], content=DSA注意力、可扩展RL框架与任务合成管线, image_path=None, 使用局部坐标
2025-12-26 14:26:16,061 [INFO] services.export_service -   添加元素: type=image, bbox=[194, 1103, 401, 1304], content=None, image_path=images/122e9fde089f0edcd72ff2c5588fadfd5c54ba022403d8568a7dfa5a4e8c97ed.jpg, 使用局部坐标
2025-12-26 14:26:16,070 [INFO] services.export_service -   添加元素: type=title, bbox=[435, 1130, 672, 1198], content=性能巅峰, image_path=None, 使用局部坐标
2025-12-26 14:26:16,071 [INFO] services.export_service -   添加元素: type=text, bbox=[431, 1217, 1311, 1274], content=推理能力比肩GPT-5，Speciale版达竞赛金牌水平, image_path=None, 使用局部坐标
2025-12-26 14:26:16,071 [INFO] services.export_service -   添加元素: type=image, bbox=[1444, 553, 2587, 1228], content=None, image_path=images/a35d71c1d66ab38cba537b2cde6fc518ed7641d101ab379112ba5c1a8d334646.jpg, 使用局部坐标
2025-12-26 14:26:16,079 [INFO] services.export_service -     添加元素: type=image, bbox=[1486, 563, 2554, 1195], content=None, image_path=images/ac62d0bb4483cee59ee0e5a584570d844204c954ef6f298c59d0556ca08906e3.jpg, 使用全局坐标
2025-12-26 14:26:16,084 [WARNING] services.export_service - Image file not found: images/ac62d0bb4483cee59ee0e5a584570d844204c954ef6f298c59d0556ca08906e3.jpg
2025-12-26 14:26:16,086 [INFO] services.export_service -     ✓ 第 1 页完成，添加了 11 个元素
2025-12-26 14:26:16,178 [INFO] utils.pptx_builder - Saved presentation to: /mnt/d/Desktop/banana-slides/uploads/test_recursive_export_1766730375.pptx
2025-12-26 14:26:16,178 [INFO] services.export_service - ✓ 可编辑PPTX已保存: /mnt/d/Desktop/banana-slides/uploads/test_recursive_export_1766730375.pptx

================================================================================
测试递归图片可编辑化服务 - 单张图片导出PPTX
================================================================================

✅ 测试图片: /mnt/d/Desktop/5537a63e-b8a0-4073-a38f-2f6fbc16bf63_1766680105235.png

[1/5] 读取配置...
  MinerU Token: ✅ 已配置
  MinerU API: https://mineru.net
  Volcengine AK: ✅ 已配置
  Volcengine SK: ✅ 已配置
  Upload Folder: /mnt/d/Desktop/banana-slides/uploads

[2/5] 检查图片...
  图片尺寸: 2752x1536
  图片模式: RGB

[3/5] 初始化 ImageEditabilityService...
  ✅ 服务初始化成功
  ✅ Inpainting服务已启用
     Provider: VolcengineInpaintingProvider

[4/5] 分析图片（这可能需要1-3分钟）...
  步骤:
  1) 转换为PDF
  2) 上传MinerU解析
  3) 提取元素bbox和内容
  4) 使用Volcengine Inpainting生成clean background
  5) 检查是否有子图需要递归分析

  请等待...

  ✅ 分析完成！

  结果:
    图片ID: 42f6f3c3
    尺寸: 2752x1536
    递归深度: 0
    提取的元素数量: 11
    Clean background: ✅ 已生成
      路径: /mnt/d/Desktop/banana-slides/uploads/editable_images/42f6f3c3/clean_background.png
    MinerU结果: /mnt/d/Desktop/banana-slides/uploads/mineru_files/0d46b32b

  元素详情:
    - title: 4个
    - image: 4个
    - text: 3个

  前5个元素:
    1. title
       位置: (145, 140) -> (1311, 243)
       尺寸: 1166x102
       内容: DeepSeek-V3.2 核心技术概述
    2. image
       位置: (195, 383) -> (401, 588)
       尺寸: 206x205
    3. title
       位置: (436, 410) -> (673, 478)
       尺寸: 237x68
       内容: 平衡之道
    4. text
       位置: (436, 501) -> (1246, 554)
       尺寸: 810x53
       内容: 兼顾极高计算效率与卓越的推理及智能体性能
    5. image
       位置: (195, 743) -> (401, 948)
       尺寸: 206x205

[5/5] 导出为PPTX（复用分析结果）...
  ✅ PPTX已生成!
     路径: /mnt/d/Desktop/banana-slides/uploads/test_recursive_export_1766730375.pptx
     大小: 1851.11 KB

================================================================================
✅ 测试完成！
================================================================================

输出文件: /mnt/d/Desktop/banana-slides/uploads/test_recursive_export_1766730375.pptx

使用的技术:
  • MinerU: 版面分析和元素提取
  • Volcengine Inpainting: 生成clean background
  • 递归分析: 识别图片中的子图和图表
  • 智能坐标映射: 父子坐标转换

请打开PPTX文件查看可编辑结果！

